MPLINK 5.09, LINKER
Linker Map File - Created Tue Jun 04 16:35:49 2019

                                 Section Info
                  Section       Type    Address   Location Size(Bytes)
                ---------  ---------  ---------  ---------  ---------
                   .org_0       code   0x000000    program   0x000004
                   .cinit    romdata   0x000004    program   0x000002
                   .org_1       code   0x000008    program   0x0001b6
.config_300001_BUILD/DEFAULT/PRODUCTION/MAIN.O    romdata   0x300001    program   0x000001
.config_300005_BUILD/DEFAULT/PRODUCTION/MAIN.O    romdata   0x300005    program   0x000001
.config_300006_BUILD/DEFAULT/PRODUCTION/MAIN.O    romdata   0x300006    program   0x000001



                              Program Memory Usage 
                               Start         End      
                           ---------   ---------      
                            0x000000    0x000005      
                            0x000008    0x0001bd      
                            0x300001    0x300001      
                            0x300005    0x300006      
            447 out of 33048 program addresses used, program memory utilization is 1%



                              Symbols - Sorted by Name
                     Name    Address   Location    Storage File                     
                ---------  ---------  ---------  --------- ---------                
                   BATDEN   0x000070    program     static E:\Users\Nam\Desktop\FINAL\SOURCE\DA.X\main.asm
                 CAP_NHAT   0x00013a    program     static E:\Users\Nam\Desktop\FINAL\SOURCE\DA.X\main.asm
                    DELAY   0x0000cc    program     static E:\Users\Nam\Desktop\FINAL\SOURCE\DA.X\main.asm
                  DEMTHU1   0x00006a    program     static E:\Users\Nam\Desktop\FINAL\SOURCE\DA.X\main.asm
                  HIENTHI   0x000076    program     static E:\Users\Nam\Desktop\FINAL\SOURCE\DA.X\main.asm
                     LOOP   0x000044    program     static E:\Users\Nam\Desktop\FINAL\SOURCE\DA.X\main.asm
                    LOOP1   0x00004c    program     static E:\Users\Nam\Desktop\FINAL\SOURCE\DA.X\main.asm
                    LOOP2   0x00005e    program     static E:\Users\Nam\Desktop\FINAL\SOURCE\DA.X\main.asm
                     MAIN   0x00000c    program     static E:\Users\Nam\Desktop\FINAL\SOURCE\DA.X\main.asm
                   MANGMA   0x0000a8    program     static E:\Users\Nam\Desktop\FINAL\SOURCE\DA.X\main.asm
                     NGAT   0x0000de    program     static E:\Users\Nam\Desktop\FINAL\SOURCE\DA.X\main.asm
                 NGAT_RB0   0x000114    program     static E:\Users\Nam\Desktop\FINAL\SOURCE\DA.X\main.asm
                 NGAT_RB1   0x0000f2    program     static E:\Users\Nam\Desktop\FINAL\SOURCE\DA.X\main.asm
                 NGAT_RB2   0x00010a    program     static E:\Users\Nam\Desktop\FINAL\SOURCE\DA.X\main.asm
                  RB1_OFF   0x000100    program     static E:\Users\Nam\Desktop\FINAL\SOURCE\DA.X\main.asm
                    SANG0   0x00019e    program     static E:\Users\Nam\Desktop\FINAL\SOURCE\DA.X\main.asm
                    SANG1   0x0001a6    program     static E:\Users\Nam\Desktop\FINAL\SOURCE\DA.X\main.asm
                    SANG2   0x0001ae    program     static E:\Users\Nam\Desktop\FINAL\SOURCE\DA.X\main.asm
                    SANG3   0x0001b6    program     static E:\Users\Nam\Desktop\FINAL\SOURCE\DA.X\main.asm
                  SANGDEN   0x00016c    program     static E:\Users\Nam\Desktop\FINAL\SOURCE\DA.X\main.asm
                   START1   0x0000be    program     static E:\Users\Nam\Desktop\FINAL\SOURCE\DA.X\main.asm
                    THOAT   0x000158    program     static E:\Users\Nam\Desktop\FINAL\SOURCE\DA.X\main.asm
                   THOAT1   0x000162    program     static E:\Users\Nam\Desktop\FINAL\SOURCE\DA.X\main.asm
             _.org_1_00D6   0x0000d6    program     static E:\Users\Nam\Desktop\FINAL\SOURCE\DA.X\main.asm



                              Symbols - Sorted by Address
                     Name    Address   Location    Storage File                     
                ---------  ---------  ---------  --------- ---------                
                     MAIN   0x00000c    program     static E:\Users\Nam\Desktop\FINAL\SOURCE\DA.X\main.asm
                     LOOP   0x000044    program     static E:\Users\Nam\Desktop\FINAL\SOURCE\DA.X\main.asm
                    LOOP1   0x00004c    program     static E:\Users\Nam\Desktop\FINAL\SOURCE\DA.X\main.asm
                    LOOP2   0x00005e    program     static E:\Users\Nam\Desktop\FINAL\SOURCE\DA.X\main.asm
                  DEMTHU1   0x00006a    program     static E:\Users\Nam\Desktop\FINAL\SOURCE\DA.X\main.asm
                   BATDEN   0x000070    program     static E:\Users\Nam\Desktop\FINAL\SOURCE\DA.X\main.asm
                  HIENTHI   0x000076    program     static E:\Users\Nam\Desktop\FINAL\SOURCE\DA.X\main.asm
                   MANGMA   0x0000a8    program     static E:\Users\Nam\Desktop\FINAL\SOURCE\DA.X\main.asm
                   START1   0x0000be    program     static E:\Users\Nam\Desktop\FINAL\SOURCE\DA.X\main.asm
                    DELAY   0x0000cc    program     static E:\Users\Nam\Desktop\FINAL\SOURCE\DA.X\main.asm
             _.org_1_00D6   0x0000d6    program     static E:\Users\Nam\Desktop\FINAL\SOURCE\DA.X\main.asm
                     NGAT   0x0000de    program     static E:\Users\Nam\Desktop\FINAL\SOURCE\DA.X\main.asm
                 NGAT_RB1   0x0000f2    program     static E:\Users\Nam\Desktop\FINAL\SOURCE\DA.X\main.asm
                  RB1_OFF   0x000100    program     static E:\Users\Nam\Desktop\FINAL\SOURCE\DA.X\main.asm
                 NGAT_RB2   0x00010a    program     static E:\Users\Nam\Desktop\FINAL\SOURCE\DA.X\main.asm
                 NGAT_RB0   0x000114    program     static E:\Users\Nam\Desktop\FINAL\SOURCE\DA.X\main.asm
                 CAP_NHAT   0x00013a    program     static E:\Users\Nam\Desktop\FINAL\SOURCE\DA.X\main.asm
                    THOAT   0x000158    program     static E:\Users\Nam\Desktop\FINAL\SOURCE\DA.X\main.asm
                   THOAT1   0x000162    program     static E:\Users\Nam\Desktop\FINAL\SOURCE\DA.X\main.asm
                  SANGDEN   0x00016c    program     static E:\Users\Nam\Desktop\FINAL\SOURCE\DA.X\main.asm
                    SANG0   0x00019e    program     static E:\Users\Nam\Desktop\FINAL\SOURCE\DA.X\main.asm
                    SANG1   0x0001a6    program     static E:\Users\Nam\Desktop\FINAL\SOURCE\DA.X\main.asm
                    SANG2   0x0001ae    program     static E:\Users\Nam\Desktop\FINAL\SOURCE\DA.X\main.asm
                    SANG3   0x0001b6    program     static E:\Users\Nam\Desktop\FINAL\SOURCE\DA.X\main.asm


